I'm sorry, but errors were detected in your script. Please correct the
errors listed below, and try again.


File "game/script.rpy", line 20: is not terminated with a newline. (Check strings and parenthesis.)
    define jeremiah = Character("Jeremiah", who_color="#d19900"

Ren'Py Version: Ren'Py 7.5.3.22090809
Wed Dec 14 17:32:20 2022
